Archive member included to satisfy reference by file (symbol)

app/libapp.a(main.c.obj)      (--whole-archive)
zephyr/libzephyr.a(heap.c.obj)
                              (--whole-archive)
zephyr/libzephyr.a(cbprintf_packaged.c.obj)
                              (--whole-archive)
zephyr/libzephyr.a(printk.c.obj)
                              (--whole-archive)
zephyr/libzephyr.a(sem.c.obj)
                              (--whole-archive)
zephyr/libzephyr.a(thread_entry.c.obj)
                              (--whole-archive)
zephyr/libzephyr.a(cbprintf_complete.c.obj)
                              (--whole-archive)
zephyr/libzephyr.a(assert.c.obj)
                              (--whole-archive)
zephyr/libzephyr.a(dec.c.obj)
                              (--whole-archive)
zephyr/libzephyr.a(hex.c.obj)
                              (--whole-archive)
zephyr/libzephyr.a(rb.c.obj)  (--whole-archive)
zephyr/libzephyr.a(timeutil.c.obj)
                              (--whole-archive)
zephyr/libzephyr.a(bitarray.c.obj)
                              (--whole-archive)
zephyr/libzephyr.a(ring_buffer.c.obj)
                              (--whole-archive)
zephyr/libzephyr.a(configs.c.obj)
                              (--whole-archive)
zephyr/libzephyr.a(soc.c.obj)
                              (--whole-archive)
zephyr/libzephyr.a(soc_cache.c.obj)
                              (--whole-archive)
zephyr/libzephyr.a(esp32s3-mp.c.obj)
                              (--whole-archive)
zephyr/libzephyr.a(loader.c.obj)
                              (--whole-archive)
zephyr/libzephyr.a(hw_init.c.obj)
                              (--whole-archive)
zephyr/libzephyr.a(tracing_none.c.obj)
                              (--whole-archive)
zephyr/libzephyr.a(flash_encrypt.c.obj)
                              (--whole-archive)
zephyr/libzephyr.a(esp_gpio_reserve.c.obj)
                              (--whole-archive)
zephyr/libzephyr.a(spi_flash_encrypt_hal_iram.c.obj)
                              (--whole-archive)
zephyr/libzephyr.a(spi_flash_hal.c.obj)
                              (--whole-archive)
zephyr/libzephyr.a(spi_flash_hal_iram.c.obj)
                              (--whole-archive)
zephyr/libzephyr.a(spi_flash_hal_gpspi.c.obj)
                              (--whole-archive)
zephyr/libzephyr.a(spi_flash_oct_flash_init.c.obj)
                              (--whole-archive)
zephyr/libzephyr.a(esp_flash_api.c.obj)
                              (--whole-archive)
zephyr/libzephyr.a(esp_flash_spi_init.c.obj)
                              (--whole-archive)
zephyr/libzephyr.a(flash_mmap.c.obj)
                              (--whole-archive)
zephyr/libzephyr.a(flash_ops.c.obj)
                              (--whole-archive)
zephyr/libzephyr.a(memspi_host_driver.c.obj)
                              (--whole-archive)
zephyr/libzephyr.a(spi_flash_chip_boya.c.obj)
                              (--whole-archive)
zephyr/libzephyr.a(spi_flash_chip_drivers.c.obj)
                              (--whole-archive)
zephyr/libzephyr.a(spi_flash_chip_gd.c.obj)
                              (--whole-archive)
zephyr/libzephyr.a(spi_flash_chip_generic.c.obj)
                              (--whole-archive)
zephyr/libzephyr.a(spi_flash_chip_issi.c.obj)
                              (--whole-archive)
zephyr/libzephyr.a(spi_flash_chip_mxic.c.obj)
                              (--whole-archive)
zephyr/libzephyr.a(spi_flash_chip_mxic_opi.c.obj)
                              (--whole-archive)
zephyr/libzephyr.a(spi_flash_chip_th.c.obj)
                              (--whole-archive)
zephyr/libzephyr.a(spi_flash_chip_winbond.c.obj)
                              (--whole-archive)
zephyr/libzephyr.a(spi_flash_hpm_enable.c.obj)
                              (--whole-archive)
zephyr/libzephyr.a(spi_flash_os_func_noos.c.obj)
                              (--whole-archive)
zephyr/libzephyr.a(spi_flash_os_func_app.c.obj)
                              (--whole-archive)
zephyr/libzephyr.a(spi_flash_wrap.c.obj)
                              (--whole-archive)
zephyr/libzephyr.a(uart_hal.c.obj)
                              (--whole-archive)
zephyr/libzephyr.a(uart_hal_iram.c.obj)
                              (--whole-archive)
zephyr/libzephyr.a(bootloader_clock_init.c.obj)
                              (--whole-archive)
zephyr/libzephyr.a(mpu_hal.c.obj)
                              (--whole-archive)
zephyr/libzephyr.a(flash_qio_mode.c.obj)
                              (--whole-archive)
zephyr/libzephyr.a(bootloader_flash_config_esp32s3.c.obj)
                              (--whole-archive)
zephyr/libzephyr.a(console_init.c.obj)
                              (--whole-archive)
zephyr/libzephyr.a(soc_init.c.obj)
                              (--whole-archive)
zephyr/libzephyr.a(gpio_periph.c.obj)
                              (--whole-archive)
zephyr/libzephyr.a(rtc_io_periph.c.obj)
                              (--whole-archive)
zephyr/libzephyr.a(cpu.c.obj)
[...]
Memory Configuration

Name             Origin             Length             Attributes
FLASH            0x0000000000000000 0x00000000007fff00 r
iram0_0_seg      0x0000000040374000 0x0000000000053e00 xr
dram0_0_seg      0x000000003fc88000 0x000000000004fe00 rw
irom0_0_seg      0x0000000042000000 0x0000000002000000 xr
drom0_0_seg      0x000000003c000000 0x0000000002000000 r
rtc_iram_seg     0x00000000600fe000 0x0000000000002000 xrw
rtc_slow_seg     0x0000000050000000 0x0000000000002000 rw
IDT_LIST         0x000000003ebfe010 0x0000000000002000 rw
*default*        0x0000000000000000 0xffffffffffffffff

Linker script and memory map

                0x0000000042003038                vfprintf = __l_vfprintf
                0x0000000000000000                vfscanf = __l_vfscanf
LOAD zephyr/CMakeFiles/zephyr_pre0.dir/misc/empty_file.c.obj
LOAD zephyr/CMakeFiles/offsets.dir/./arch/xtensa/core/offsets/offsets.c.obj
LOAD app/libapp.a
LOAD zephyr/libzephyr.a
LOAD zephyr/arch/common/libarch__common.a
LOAD zephyr/arch/arch/xtensa/core/libarch__xtensa__core.a
LOAD zephyr/lib/libc/picolibc/liblib__libc__picolibc.a
LOAD zephyr/lib/libc/common/liblib__libc__common.a
LOAD zephyr/subsys/random/libsubsys__random.a
LOAD zephyr/drivers/interrupt_controller/libdrivers__interrupt_controller.a
LOAD zephyr/drivers/clock_control/libdrivers__clock_control.a
LOAD zephyr/drivers/console/libdrivers__console.a
LOAD zephyr/drivers/gpio/libdrivers__gpio.a
LOAD zephyr/drivers/pinctrl/libdrivers__pinctrl.a
LOAD zephyr/drivers/serial/libdrivers__serial.a
LOAD zephyr/drivers/timer/libdrivers__timer.a
LOAD zephyr/kernel/libkernel.a
LOAD zephyr/arch/common/libisr_tables.a
LOAD /home/jonathan/zephyr-sdk-0.17.0/xtensa-espressif_esp32s3_zephyr-elf/bin/../lib/gcc/xtensa-espressif_esp32s3_zephyr-elf/12.2.0/libgcc.a
LOAD /home/jonathan/zephyr-sdk-0.17.0/xtensa-espressif_esp32s3_zephyr-elf/bin/../lib/gcc/../../picolibc/xtensa-espressif_esp32s3_zephyr-elf/lib/libc.a
LOAD /home/jonathan/zephyr-sdk-0.17.0/xtensa-espressif_esp32s3_zephyr-elf/bin/../lib/gcc/xtensa-espressif_esp32s3_zephyr-elf/12.2.0/libgcc.a
                0x00000000403c7e00                procpu_iram_end = 0x403c7e00
                0x000000003fcd7e00                procpu_dram_end = 0x3fcd7e00
                0x0000000040374000                procpu_iram_org = 0x40374000
                0x0000000000053e00                procpu_iram_len = (procpu_iram_end - procpu_iram_org)
                0x000000003fc88000                procpu_dram_org = 0x3fc88000
                0x000000000004fe00                procpu_dram_len = (procpu_dram_end - procpu_dram_org)
                0x0000000044000000                procpu_irom_end = 0x44000000
                0x000000003e000000                procpu_drom_end = 0x3e000000
                0x0000000042000000                procpu_irom_org = 0x42000000
                0x0000000002000000                procpu_irom_len = 0x2000000
                0x000000003c000000                procpu_drom_org = 0x3c000000
                0x0000000002000000                procpu_drom_len = 0x2000000
                0x000000003fce9704                _heap_sentry = 0x3fce9704
                0x0000000000057df4                _libc_heap_size = (_heap_sentry - _end)
                0x00000000006f0000                _iram_dram_offset = 0x6f0000

.rel.plt        0x0000000000000000        0x0
 *(SORT_BY_ALIGNMENT(.rel.plt))
                [!provide]                        PROVIDE (__rel_iplt_start = .)
 *(SORT_BY_ALIGNMENT(.rel.iplt))
                [!provide]                        PROVIDE (__rel_iplt_end = .)

.rela.plt       0x0000000000000000        0x0
 *(SORT_BY_ALIGNMENT(.rela.plt))
                [!provide]                        PROVIDE (__rela_iplt_start = .)
 *(SORT_BY_ALIGNMENT(.rela.iplt))
                [!provide]                        PROVIDE (__rela_iplt_end = .)

.rel.dyn
 *(SORT_BY_ALIGNMENT(.rel.*))

.rela.dyn
 *(SORT_BY_ALIGNMENT(.rela.*))

.rtc.text       0x00000000600fe000        0x0 load address 0x0000000000000000
                0x00000000600fe000                . = ALIGN (0x4)
                0x00000000600fe000                _rtc_text_start = ABSOLUTE (.)
                0x00000000600fe000                _rtc_fast_start = ABSOLUTE (.)
 *(SORT_BY_ALIGNMENT(.rtc.literal) SORT_BY_ALIGNMENT(.rtc.literal.*))
 *(SORT_BY_ALIGNMENT(.rtc.text) SORT_BY_ALIGNMENT(.rtc.text.*))
 *(SORT_BY_ALIGNMENT(.rtc.entry.literal))
 *(SORT_BY_ALIGNMENT(.rtc.entry.text))
                0x00000000600fe000                . = ALIGN (0x4)

.rtc.force_fast
                0x0000000050000000        0x0 load address 0x0000000000000000
                0x0000000050000000                . = ALIGN (0x4)
                0x0000000050000000                _rtc_force_fast_start = ABSOLUTE (.)
 *(SORT_BY_ALIGNMENT(.rtc.force_fast) SORT_BY_ALIGNMENT(.rtc.force_fast.*))
                0x0000000050000000                . = ALIGN (0x4)
                0x0000000050000000                _rtc_force_fast_end = ABSOLUTE (.)

.rtc.data       0x0000000050000000        0x0 load address 0x0000000000000000
                0x0000000050000000                . = ALIGN (0x4)
                0x0000000050000000                _rtc_data_start = ABSOLUTE (.)
 *(SORT_BY_ALIGNMENT(.rtc.data) SORT_BY_ALIGNMENT(.rtc.data.*))
 *(SORT_BY_ALIGNMENT(.rtc.rodata) SORT_BY_ALIGNMENT(.rtc.rodata.*))
                0x0000000050000000                _rtc_data_end = ABSOLUTE (.)

.rtc.bss        0x0000000050000000        0x0 load address 0x0000000000000000
                0x0000000050000000                _rtc_bss_start = ABSOLUTE (.)
 *(SORT_BY_ALIGNMENT(.rtc.bss) SORT_BY_ALIGNMENT(.rtc.bss.*))
                0x0000000050000000                _rtc_bss_end = ABSOLUTE (.)

.rtc_noinit     0x0000000050000000        0x0 load address 0x0000000000000000
                0x0000000050000000                . = ALIGN (0x4)
 *(SORT_BY_ALIGNMENT(.rtc_noinit) SORT_BY_ALIGNMENT(.rtc_noinit.*))
                0x0000000050000000                . = ALIGN (0x4)

.rtc.force_slow
                0x0000000050000000        0x0 load address 0x0000000000000000
                0x0000000050000000                . = ALIGN (0x4)
                0x0000000050000000                _rtc_force_slow_start = ABSOLUTE (.)
 *(SORT_BY_ALIGNMENT(.rtc.force_slow) SORT_BY_ALIGNMENT(.rtc.force_slow.*))
                0x0000000050000000                . = ALIGN (0x4)
                0x0000000050000000                _rtc_force_slow_end = ABSOLUTE (.)
                0x0000000000000000                _rtc_slow_length = (_rtc_force_slow_end - _rtc_data_start)
                0xffffffffeff02000                _rtc_fast_length = (_rtc_force_fast_end - _rtc_fast_start)

.iram0.vectors  0x0000000040374000      0x400 load address 0x0000000000000000
                0x0000000040374000                _init_start = ABSOLUTE (.)
                0x0000000000000000                . = 0x0
 *(SORT_BY_ALIGNMENT(.WindowVectors.text))
 .WindowVectors.text
                0x0000000040374000      0x16a zephyr/arch/arch/xtensa/core/libarch__xtensa__core.a(window_vectors.S.obj)
                0x0000000040374000                _WindowOverflow4
                0x0000000040374040                _WindowUnderflow4
                0x0000000040374050                _xt_alloca_exc
                0x0000000040374080                _WindowOverflow8
                0x00000000403740c0                _WindowUnderflow8
                0x0000000040374100                _WindowOverflow12
                0x0000000040374140                _WindowUnderflow12
                0x0000000000000180                . = 0x180
 *fill*         0x000000004037416a       0x16 
 *(SORT_BY_ALIGNMENT(.Level2InterruptVector.text))
 .Level2InterruptVector.text
                0x0000000040374180       0x29 zephyr/arch/arch/xtensa/core/libarch__xtensa__core.a(xtensa_asm2_util.S.obj)
                0x0000000040374180                _Level2Vector
                0x00000000000001c0                . = 0x1c0
 *fill*         0x00000000403741a9       0x17 
 *(SORT_BY_ALIGNMENT(.Level3InterruptVector.text))
 .Level3InterruptVector.text
                0x00000000403741c0       0x25 zephyr/arch/arch/xtensa/core/libarch__xtensa__core.a(xtensa_asm2_util.S.obj)
                                         0x29 (size before relaxing)
                0x00000000403741c0                _Level3Vector
                0x0000000000000200                . = 0x200
 *fill*         0x00000000403741e5       0x1b 
 *(SORT_BY_ALIGNMENT(.Level4InterruptVector.text))
 .Level4InterruptVector.text
                0x0000000040374200       0x25 zephyr/arch/arch/xtensa/core/libarch__xtensa__core.a(xtensa_asm2_util.S.obj)
                                         0x29 (size before relaxing)
                0x0000000040374200                _Level4Vector
                0x0000000000000240                . = 0x240
 *fill*         0x0000000040374225       0x1b 
 *(SORT_BY_ALIGNMENT(.Level5InterruptVector.text))
 .Level5InterruptVector.text
                0x0000000040374240       0x25 zephyr/arch/arch/xtensa/core/libarch__xtensa__core.a(xtensa_asm2_util.S.obj)
                                         0x29 (size before relaxing)
                0x0000000040374240                _Level5Vector
                0x0000000000000280                . = 0x280
 *fill*         0x0000000040374265       0x1b 
 *(SORT_BY_ALIGNMENT(.DebugExceptionVector.text))
 .DebugExceptionVector.text
                0x0000000040374280       0x25 zephyr/arch/arch/xtensa/core/libarch__xtensa__core.a(xtensa_asm2_util.S.obj)
                                         0x29 (size before relaxing)
                0x0000000040374280                _Level6Vector
                0x00000000000002c0                . = 0x2c0
 *fill*         0x00000000403742a5       0x1b 
 *(SORT_BY_ALIGNMENT(.NMIExceptionVector.text))
 .NMIExceptionVector.text
                0x00000000403742c0       0x25 zephyr/arch/arch/xtensa/core/libarch__xtensa__core.a(xtensa_asm2_util.S.obj)
                                         0x29 (size before relaxing)
                0x00000000403742c0                _Level7Vector
                0x0000000000000300                . = 0x300
 *fill*         0x00000000403742e5       0x1b 
 *(SORT_BY_ALIGNMENT(.KernelExceptionVector.text))
 .KernelExceptionVector.text
                0x0000000040374300        0x3 zephyr/arch/arch/xtensa/core/libarch__xtensa__core.a(xtensa_asm2_util.S.obj)
                0x0000000040374300                _KernelExceptionVector
                0x0000000000000340                . = 0x340
 *fill*         0x0000000040374303       0x3d 
 *(SORT_BY_ALIGNMENT(.UserExceptionVector.text))
 .UserExceptionVector.text
                0x0000000040374340       0x16 zephyr/arch/arch/xtensa/core/libarch__xtensa__core.a(xtensa_asm2_util.S.obj)
                0x0000000040374340                _Level1RealVector
                0x00000000000003c0                . = 0x3c0
 *fill*         0x0000000040374356       0x6a 
 *(SORT_BY_ALIGNMENT(.DoubleExceptionVector.text))
 .DoubleExceptionVector.text
                0x00000000403743c0        0x3 zephyr/arch/arch/xtensa/core/libarch__xtensa__core.a(xtensa_asm2_util.S.obj)
                0x00000000403743c0                _DoubleExceptionVector
                0x0000000000000400                . = 0x400
 *fill*         0x00000000403743c3       0x3d 
                0x0000000040374400                _invalid_pc_placeholder = ABSOLUTE (.)
 *(SORT_BY_ALIGNMENT(.*Vector.literal))
 *(SORT_BY_ALIGNMENT(.UserEnter.literal))
 *(SORT_BY_ALIGNMENT(.UserEnter.text))
                0x0000000040374400                . = ALIGN (0x10)
 *(SORT_BY_ALIGNMENT(.entry.text))
 *(SORT_BY_ALIGNMENT(.init.literal))
 *(.init)
                0x0000000040374400                _init_end = ABSOLUTE (.)
                0x0000000040374400                _iram_start = ABSOLUTE (.)

.iram0.text     0x0000000040374400     0x8504 load address 0x0000000000000400
                0x0000000040374400                _iram_text_start = ABSOLUTE (.)
 *(SORT_BY_ALIGNMENT(.iram1) SORT_BY_ALIGNMENT(.iram1.*))
 .iram1.1.literal
                0x0000000040374400        0xc zephyr/libzephyr.a(soc.c.obj)
                                         0x1c (size before relaxing)
 .iram1.3.literal
                0x000000004037440c        0x4 zephyr/libzephyr.a(soc.c.obj)
                                          0x8 (size before relaxing)
 .iram1.0.literal
                0x0000000040374410        0x4 zephyr/libzephyr.a(soc_cache.c.obj)
 .iram1.1.literal
                0x0000000040374414       0x24 zephyr/libzephyr.a(soc_cache.c.obj)
                                         0x28 (size before relaxing)
 .iram1.5.literal
                0x0000000040374438        0x8 zephyr/libzephyr.a(esp_flash_api.c.obj)
 .iram1.6.literal
                0x0000000040374440        0x4 zephyr/libzephyr.a(esp_flash_api.c.obj)
 .iram1.10.literal
                0x0000000040374444        0x0 zephyr/libzephyr.a(esp_flash_api.c.obj)
                                          0x8 (size before relaxing)
 .iram1.12.literal
                0x0000000040374444       0x14 zephyr/libzephyr.a(esp_flash_api.c.obj)
                                         0x1c (size before relaxing)
 .iram1.13.literal
                0x0000000040374458        0x4 zephyr/libzephyr.a(esp_flash_api.c.obj)
                                          0x8 (size before relaxing)
 .iram1.9.literal
                0x000000004037445c       0x1c zephyr/libzephyr.a(esp_flash_api.c.obj)
                                         0x58 (size before relaxing)
 .iram1.1.literal
                0x0000000040374478        0x0 zephyr/libzephyr.a(flash_mmap.c.obj)
                                         0x14 (size before relaxing)
 .iram1.2.literal
                0x0000000040374478        0x4 zephyr/libzephyr.a(flash_ops.c.obj)
 .iram1.4.literal
                0x000000004037447c        0x8 zephyr/libzephyr.a(flash_ops.c.obj)
                                         0x24 (size before relaxing)
 .iram1.2.literal
                0x0000000040374484        0x4 zephyr/libzephyr.a(spi_flash_os_func_noos.c.obj)
 .iram1.1.literal
                0x0000000040374488        0x0 zephyr/libzephyr.a(spi_flash_os_func_noos.c.obj)
                                          0x4 (size before relaxing)
 .iram1.0.literal
                0x0000000040374488        0x0 zephyr/libzephyr.a(spi_flash_os_func_noos.c.obj)
                                          0x4 (size before relaxing)
 .iram1.7.literal
                0x0000000040374488        0x0 zephyr/libzephyr.a(spi_flash_os_func_app.c.obj)
                                          0x8 (size before relaxing)
 .iram1.4.literal
                0x0000000040374488        0x4 zephyr/libzephyr.a(spi_flash_os_func_app.c.obj)
 .iram1.8.literal
                0x000000004037448c        0x0 zephyr/libzephyr.a(spi_flash_os_func_app.c.obj)
                                          0x4 (size before relaxing)
 .iram1.6.literal
                0x000000004037448c        0x0 zephyr/libzephyr.a(spi_flash_os_func_app.c.obj)
                                          0x4 (size before relaxing)
 .iram1.3.literal
                0x000000004037448c        0x0 zephyr/libzephyr.a(spi_flash_os_func_app.c.obj)
                                          0x4 (size before relaxing)
 .iram1.2.literal
                0x000000004037448c        0x0 zephyr/libzephyr.a(spi_flash_os_func_app.c.obj)
                                          0x4 (size before relaxing)
 .iram1.5.literal
                0x000000004037448c        0x8 zephyr/libzephyr.a(spi_flash_os_func_app.c.obj)
                                         0x10 (size before relaxing)
 .iram1.2.literal
                0x0000000040374494       0x10 zephyr/libzephyr.a(esp_clk.c.obj)
                                         0x14 (size before relaxing)
 .iram1.2.literal
                0x00000000403744a4        0x4 zephyr/libzephyr.a(regi2c_ctrl.c.obj)
 .iram1.3.literal
                0x00000000403744a8        0x4 zephyr/libzephyr.a(regi2c_ctrl.c.obj)
 .iram1.4.literal
                0x00000000403744ac        0x4 zephyr/libzephyr.a(regi2c_ctrl.c.obj)
 .iram1.6.literal
                0x00000000403744b0       0x10 zephyr/libzephyr.a(rtc_module.c.obj)
 .iram1.7.literal
                0x00000000403744c0        0x0 zephyr/libzephyr.a(rtc_module.c.obj)
                                          0xc (size before relaxing)
 .iram1.1.literal
                0x00000000403744c0        0x4 zephyr/libzephyr.a(esp_mmu_map.c.obj)
 .iram1.1.literal
                0x00000000403744c4        0xc zephyr/libzephyr.a(esp_rom_sys.c.obj)
 .iram1.0.literal
                0x00000000403744d0       0x1c zephyr/libzephyr.a(esp_rom_uart.c.obj)
                                         0x20 (size before relaxing)
 .iram1.0.literal
                0x00000000403744ec        0x0 zephyr/libzephyr.a(efuse_hal.c.obj)
                                          0x8 (size before relaxing)
 .iram1.0.literal
                0x00000000403744ec        0x4 zephyr/libzephyr.a(efuse_hal.c.obj)
 .iram1.1.literal
                0x00000000403744f0        0x0 zephyr/libzephyr.a(efuse_hal.c.obj)
                                          0x4 (size before relaxing)
 .iram1.0.literal
                0x00000000403744f0        0x4 zephyr/libzephyr.a(cache_utils.c.obj)
                                          0xc (size before relaxing)
 .iram1.1.literal
                0x00000000403744f4        0x0 zephyr/libzephyr.a(cache_utils.c.obj)
                                          0xc (size before relaxing)
 .iram1.1.literal
                0x00000000403744f4       0x20 zephyr/libzephyr.a(bootloader_flash.c.obj)
                                         0x28 (size before relaxing)
 .iram1.2.literal
                0x0000000040374514        0x0 zephyr/libzephyr.a(bootloader_flash.c.obj)
                                          0x4 (size before relaxing)
 .iram1.0.literal
                0x0000000040374514        0x4 zephyr/libzephyr.a(bootloader_flash.c.obj)
                                         0x3c (size before relaxing)
 .iram1.3.literal
                0x0000000040374518        0x0 zephyr/libzephyr.a(bootloader_flash.c.obj)
                                          0x8 (size before relaxing)
 .iram1.4.literal
                0x0000000040374518        0x0 zephyr/libzephyr.a(bootloader_flash.c.obj)
                                          0x4 (size before relaxing)
 .iram1.7.literal
                0x0000000040374518        0xc zephyr/libzephyr.a(bootloader_flash.c.obj)
                                         0x44 (size before relaxing)
 .iram1.13.literal
                0x0000000040374524        0x0 zephyr/libzephyr.a(bootloader_flash.c.obj)
                                          0x4 (size before relaxing)
 .iram1.0.literal
                0x0000000040374524        0x0 zephyr/drivers/interrupt_controller/libdrivers__interrupt_controller.a(intc_esp32.c.obj)
                                          0x8 (size before relaxing)
 .iram1.3.literal
                0x0000000040374524        0x4 zephyr/drivers/interrupt_controller/libdrivers__interrupt_controller.a(intc_esp32.c.obj)
                                         0x18 (size before relaxing)
 .iram1.4.literal
                0x0000000040374528        0xc zephyr/drivers/interrupt_controller/libdrivers__interrupt_controller.a(intc_esp32.c.obj)
                                         0x20 (size before relaxing)
 .iram1.5.literal
                0x0000000040374534        0x0 zephyr/drivers/interrupt_controller/libdrivers__interrupt_controller.a(intc_esp32.c.obj)
                                         0x18 (size before relaxing)
 .iram1.0.literal
                0x0000000040374534        0x4 zephyr/drivers/gpio/libdrivers__gpio.a(gpio_esp32.c.obj)
 .iram1.1.literal
                0x0000000040374538        0x8 zephyr/drivers/gpio/libdrivers__gpio.a(gpio_esp32.c.obj)
                                         0x10 (size before relaxing)
 .literal.arch_cpu_idle
                0x0000000040374540        0x4 zephyr/arch/arch/xtensa/core/libarch__xtensa__core.a(cpu_idle.c.obj)
 .literal.xtensa_fatal_error
                0x0000000040374544        0x0 zephyr/arch/arch/xtensa/core/libarch__xtensa__core.a(fatal.c.obj)
                                          0x8 (size before relaxing)
 .literal       0x0000000040374544        0x4 zephyr/arch/arch/xtensa/core/libarch__xtensa__core.a(xtensa_asm2_util.S.obj)
                                          0x8 (size before relaxing)
 .literal.z_irq_spurious
                0x0000000040374548        0x0 zephyr/arch/arch/xtensa/core/libarch__xtensa__core.a(irq_manage.c.obj)
                                          0x4 (size before relaxing)
 .literal.arch_new_thread
                0x0000000040374548        0xc zephyr/arch/arch/xtensa/core/libarch__xtensa__core.a(thread.c.obj)
 .literal.return_to
                0x0000000040374554        0x4 zephyr/arch/arch/xtensa/core/libarch__xtensa__core.a(vector_handlers.c.obj)
                                          0x8 (size before relaxing)
 .literal.xtensa_is_outside_stack_bounds
                0x0000000040374558        0x4 zephyr/arch/arch/xtensa/core/libarch__xtensa__core.a(vector_handlers.c.obj)
                                          0x8 (size before relaxing)
 .literal.xtensa_is_frame_pointer_valid
                0x000000004037455c        0x0 zephyr/arch/arch/xtensa/core/libarch__xtensa__core.a(vector_handlers.c.obj)
                                          0x8 (size before relaxing)
 .literal.xtensa_dump_stack
                0x000000004037455c        0x0 zephyr/arch/arch/xtensa/core/libarch__xtensa__core.a(vector_handlers.c.obj)
                                          0x4 (size before relaxing)
 .literal.xtensa_int2_c
                0x000000004037455c        0x4 zephyr/arch/arch/xtensa/core/libarch__xtensa__core.a(vector_handlers.c.obj)
                                          0x8 (size before relaxing)
 .literal.xtensa_int3_c
                0x0000000040374560        0x4 zephyr/arch/arch/xtensa/core/libarch__xtensa__core.a(vector_handlers.c.obj)
                                          0xc (size before relaxing)
 .literal.xtensa_int4_c
                0x0000000040374564        0x0 zephyr/arch/arch/xtensa/core/libarch__xtensa__core.a(vector_handlers.c.obj)
                                          0x8 (size before relaxing)
 .literal.xtensa_int5_c
                0x0000000040374564        0x0 zephyr/arch/arch/xtensa/core/libarch__xtensa__core.a(vector_handlers.c.obj)
                                          0x8 (size before relaxing)
 .literal.xtensa_int6_c
                0x0000000040374564        0x0 zephyr/arch/arch/xtensa/core/libarch__xtensa__core.a(vector_handlers.c.obj)
                                          0x4 (size before relaxing)
 .literal.xtensa_int7_c
                0x0000000040374564        0x0 zephyr/arch/arch/xtensa/core/libarch__xtensa__core.a(vector_handlers.c.obj)
                                          0x8 (size before relaxing)
 .literal.xtensa_excint1_c
                0x0000000040374564        0x8 zephyr/arch/arch/xtensa/core/libarch__xtensa__core.a(vector_handlers.c.obj)
                                         0x28 (size before relaxing)
 .literal.z_prep_c
                0x000000004037456c        0x0 zephyr/arch/arch/xtensa/core/libarch__xtensa__core.a(prep_c.c.obj)
                                          0x8 (size before relaxing)
 .literal.k_sys_fatal_error_handler
                0x000000004037456c        0x0 zephyr/kernel/libkernel.a(fatal.c.obj)
                                          0x4 (size before relaxing)
 .literal.z_fatal_error
                0x000000004037456c        0x0 zephyr/kernel/libkernel.a(fatal.c.obj)
                                          0xc (size before relaxing)
 .literal.z_sys_init_run_level
                0x000000004037456c        0x4 zephyr/kernel/libkernel.a(init.c.obj)
                                          0x8 (size before relaxing)
 .literal.bg_thread_main
                0x0000000040374570       0x14 zephyr/kernel/libkernel.a(init.c.obj)
                                         0x38 (size before relaxing)
 .literal.z_early_memset
                0x0000000040374584        0x0 zephyr/kernel/libkernel.a(init.c.obj)
                                          0x4 (size before relaxing)
 .literal.z_bss_zero
                0x0000000040374584        0x8 zephyr/kernel/libkernel.a(init.c.obj)
                                          0xc (size before relaxing)
 .literal.z_init_cpu
                0x000000004037458c        0xc zephyr/kernel/libkernel.a(init.c.obj)
                                         0x18 (size before relaxing)
 .literal.z_cstart
                0x0000000040374598       0x10 zephyr/kernel/libkernel.a(init.c.obj)
                                         0x48 (size before relaxing)
 .literal.idle  0x00000000403745a8        0x0 zephyr/kernel/libkernel.a(idle.c.obj)
                                          0x4 (size before relaxing)
 .literal.z_impl_k_msgq_put
                0x00000000403745a8        0x4 zephyr/kernel/libkernel.a(msg_q.c.obj)
                                         0x20 (size before relaxing)
 .literal.z_impl_k_msgq_get
                0x00000000403745ac        0x0 zephyr/kernel/libkernel.a(msg_q.c.obj)
                                         0x20 (size before relaxing)
 .literal.z_setup_new_thread
                0x00000000403745ac        0x0 zephyr/kernel/libkernel.a(thread.c.obj)
                                          0x8 (size before relaxing)
 .literal.z_dummy_thread_init
                0x00000000403745ac        0x0 zephyr/kernel/libkernel.a(thread.c.obj)
                                          0x8 (size before relaxing)
 .literal.unpend_thread_no_timeout
                0x00000000403745ac        0x0 zephyr/kernel/libkernel.a(sched.c.obj)
                                          0x4 (size before relaxing)
 .literal.ready_thread
                0x00000000403745ac        0x4 zephyr/kernel/libkernel.a(sched.c.obj)
                                          0xc (size before relaxing)
 .literal.unready_thread
                0x00000000403745b0        0x0 zephyr/kernel/libkernel.a(sched.c.obj)
                                         0x10 (size before relaxing)
 .literal.add_thread_timeout
                0x00000000403745b0        0x0 zephyr/kernel/libkernel.a(sched.c.obj)
                                          0x8 (size before relaxing)
 .literal.z_swap
                0x00000000403745b0        0x4 zephyr/kernel/libkernel.a(sched.c.obj)
                                         0x10 (size before relaxing)
 .literal.add_to_waitq_locked
                0x00000000403745b4        0x0 zephyr/kernel/libkernel.a(sched.c.obj)
                                          0x4 (size before relaxing)
 .literal.move_thread_to_end_of_prio_q
                0x00000000403745b4        0x0 zephyr/kernel/libkernel.a(sched.c.obj)
                                         0x10 (size before relaxing)
 .literal.z_ready_thread
                0x00000000403745b4        0x0 zephyr/kernel/libkernel.a(sched.c.obj)
                                          0x4 (size before relaxing)
 .literal.z_unpend_thread_no_timeout
                0x00000000403745b4        0x0 zephyr/kernel/libkernel.a(sched.c.obj)
                                          0x4 (size before relaxing)
 .literal.z_sched_wake_thread
                0x00000000403745b4        0x0 zephyr/kernel/libkernel.a(sched.c.obj)
                                          0x8 (size before relaxing)
 .literal.z_thread_timeout
                0x00000000403745b4        0x0 zephyr/kernel/libkernel.a(sched.c.obj)
                                          0x4 (size before relaxing)
 .literal.z_pend_curr
                0x00000000403745b4        0x0 zephyr/kernel/libkernel.a(sched.c.obj)
                                         0x14 (size before relaxing)
 .literal.z_unpend_thread
                0x00000000403745b4        0x0 zephyr/kernel/libkernel.a(sched.c.obj)
                                          0x8 (size before relaxing)
 .literal.z_reschedule
                0x00000000403745b4        0x0 zephyr/kernel/libkernel.a(sched.c.obj)
                                          0x8 (size before relaxing)
 .literal.z_reschedule_irqlock
                0x00000000403745b4        0x0 zephyr/kernel/libkernel.a(sched.c.obj)
                                          0xc (size before relaxing)
 .literal.k_sched_lock
                0x00000000403745b4        0x0 zephyr/kernel/libkernel.a(sched.c.obj)
                                          0x4 (size before relaxing)
 .literal.k_sched_unlock
                0x00000000403745b4        0x0 zephyr/kernel/libkernel.a(sched.c.obj)
                                         0x10 (size before relaxing)
 .literal.z_swap_next_thread
                0x00000000403745b4        0x0 zephyr/kernel/libkernel.a(sched.c.obj)
                                          0x4 (size before relaxing)
 .literal.z_get_next_switch_handle
                0x00000000403745b4        0x0 zephyr/kernel/libkernel.a(sched.c.obj)
                                          0x4 (size before relaxing)
 .literal.z_unpend_all
                0x00000000403745b4        0x0 zephyr/kernel/libkernel.a(sched.c.obj)
                                          0x8 (size before relaxing)
 .literal.z_sched_init
                0x00000000403745b4        0x0 zephyr/kernel/libkernel.a(sched.c.obj)
                                          0x8 (size before relaxing)
 .literal.z_impl_k_yield
                0x00000000403745b4        0x0 zephyr/kernel/libkernel.a(sched.c.obj)
                                         0x14 (size before relaxing)
 .literal.z_tick_sleep
                0x00000000403745b4        0x0 zephyr/kernel/libkernel.a(sched.c.obj)
                                         0x20 (size before relaxing)
 .literal.z_impl_k_sleep
                0x00000000403745b4        0x4 zephyr/kernel/libkernel.a(sched.c.obj)
                                          0xc (size before relaxing)
 .literal.z_impl_k_wakeup
                0x00000000403745b8        0x0 zephyr/kernel/libkernel.a(sched.c.obj)
                                         0x10 (size before relaxing)
 .literal.z_impl_k_sched_current_thread_query
                0x00000000403745b8        0x0 zephyr/kernel/libkernel.a(sched.c.obj)
                                          0x4 (size before relaxing)
 .literal.z_thread_abort
                0x00000000403745b8        0x0 zephyr/kernel/libkernel.a(sched.c.obj)
                                         0x38 (size before relaxing)
 .literal.z_impl_k_thread_abort
                0x00000000403745b8        0x0 zephyr/kernel/libkernel.a(sched.c.obj)
                                          0x4 (size before relaxing)
 .literal.slice_timeout
                0x00000000403745b8        0xc zephyr/kernel/libkernel.a(timeslicing.c.obj)
 .literal.thread_is_sliceable
                0x00000000403745c4        0x8 zephyr/kernel/libkernel.a(timeslicing.c.obj)
                                          0xc (size before relaxing)
 .literal.z_reset_time_slice
                0x00000000403745cc        0x4 zephyr/kernel/libkernel.a(timeslicing.c.obj)
                                         0x20 (size before relaxing)
 .literal.z_time_slice
                0x00000000403745d0        0x0 zephyr/kernel/libkernel.a(timeslicing.c.obj)
                                         0x14 (size before relaxing)
 .literal.first
                0x00000000403745d0        0x4 zephyr/kernel/libkernel.a(timeout.c.obj)
 .literal.next_timeout
                0x00000000403745d4        0x0 zephyr/kernel/libkernel.a(timeout.c.obj)
                                          0x8 (size before relaxing)
 .literal.elapsed
                0x00000000403745d4        0x4 zephyr/kernel/libkernel.a(timeout.c.obj)
                                          0x8 (size before relaxing)
 .literal.remove_timeout
                0x00000000403745d8        0x0 zephyr/kernel/libkernel.a(timeout.c.obj)
                                          0x4 (size before relaxing)
 .literal.z_add_timeout
                0x00000000403745d8        0x4 zephyr/kernel/libkernel.a(timeout.c.obj)
                                         0x24 (size before relaxing)
 .literal.z_abort_timeout
                0x00000000403745dc        0x8 zephyr/kernel/libkernel.a(timeout.c.obj)
                                         0x1c (size before relaxing)
 .literal.sys_clock_announce
                0x00000000403745e4        0x0 zephyr/kernel/libkernel.a(timeout.c.obj)
                                         0x20 (size before relaxing)
 .literal.sys_clock_tick_get
                0x00000000403745e4        0x0 zephyr/kernel/libkernel.a(timeout.c.obj)
                                          0x8 (size before relaxing)
 .literal.sys_clock_tick_get_32
                0x00000000403745e4        0x0 zephyr/kernel/libkernel.a(timeout.c.obj)
                                          0x4 (size before relaxing)
 .literal.z_impl_k_uptime_ticks
                0x00000000403745e4        0x0 zephyr/kernel/libkernel.a(timeout.c.obj)
                                          0x4 (size before relaxing)
 .literal.k_free
                0x00000000403745e4        0x0 zephyr/kernel/libkernel.a(mempool.c.obj)
                                          0x4 (size before relaxing)
 .literal.k_malloc
                0x00000000403745e4        0x8 zephyr/kernel/libkernel.a(mempool.c.obj)
                                          0xc (size before relaxing)
 .literal.k_thread_system_pool_assign
                0x00000000403745ec        0x0 zephyr/kernel/libkernel.a(mempool.c.obj)
                                          0x4 (size before relaxing)
 .literal.boot_banner
                0x00000000403745ec        0x4 zephyr/kernel/libkernel.a(banner.c.obj)
                                          0x8 (size before relaxing)
 .literal.k_heap_init
                0x00000000403745f0        0x4 zephyr/kernel/libkernel.a(kheap.c.obj)
 .literal.statics_init
                0x00000000403745f4        0x8 zephyr/kernel/libkernel.a(kheap.c.obj)
                                          0xc (size before relaxing)
 .literal.k_heap_free
                0x00000000403745fc        0x4 zephyr/kernel/libkernel.a(kheap.c.obj)
                                          0xc (size before relaxing)
 .literal.esp_log_impl_lock
                0x0000000040374600        0x4 zephyr/libzephyr.a(log_noos.c.obj)
                                          0x8 (size before relaxing)
 .literal.esp_log_impl_lock_timeout
                0x0000000040374604        0x0 zephyr/libzephyr.a(log_noos.c.obj)
                                          0x4 (size before relaxing)
 .literal.esp_log_impl_unlock
                0x0000000040374604        0x0 zephyr/libzephyr.a(log_noos.c.obj)
                                          0x8 (size before relaxing)
 .literal.esp_log_early_timestamp
                0x0000000040374604        0x0 zephyr/libzephyr.a(log_noos.c.obj)
                                          0x4 (size before relaxing)
 .literal.ccompare_isr
                0x0000000040374604        0x8 zephyr/drivers/timer/libdrivers__timer.a(xtensa_sys_timer.c.obj)
                                          0xc (size before relaxing)
 .literal.sys_clock_set_timeout
                0x000000004037460c        0xc zephyr/drivers/timer/libdrivers__timer.a(xtensa_sys_timer.c.obj)
                                         0x14 (size before relaxing)
 .literal.sys_clock_elapsed
                0x0000000040374618        0x0 zephyr/drivers/timer/libdrivers__timer.a(xtensa_sys_timer.c.obj)
                                          0x8 (size before relaxing)
 .literal.char_out
                0x0000000040374618        0x4 zephyr/libzephyr.a(printk.c.obj)
 .literal.vprintk
                0x000000004037461c        0x8 zephyr/libzephyr.a(printk.c.obj)
                                          0xc (size before relaxing)
 .literal.printk
                0x0000000040374624        0x0 zephyr/libzephyr.a(printk.c.obj)
                                          0x4 (size before relaxing)
 .literal.console_out
                0x0000000040374624        0x4 zephyr/drivers/console/libdrivers__console.a(uart_console.c.obj)
 .literal.map_rom_segments
                0x0000000040374628       0x64 zephyr/libzephyr.a(loader.c.obj)
                                         0xac (size before relaxing)
 .literal.__start
                0x000000004037468c       0x28 zephyr/libzephyr.a(loader.c.obj)
                                         0x70 (size before relaxing)
 .literal.flash_is_octal_mode_enabled
                0x00000000403746b4        0x0 zephyr/libzephyr.a(flash_init.c.obj)
                                          0x4 (size before relaxing)
 .literal.spi_flash_init_chip_state
                0x00000000403746b4        0x0 zephyr/libzephyr.a(flash_init.c.obj)
                                          0xc (size before relaxing)
 .literal.esp_flash_config
                0x00000000403746b4        0x8 zephyr/libzephyr.a(flash_init.c.obj)
                                         0x30 (size before relaxing)
 .literal.configure_spi_pins
                0x00000000403746bc        0xc zephyr/libzephyr.a(soc_flash_init.c.obj)
                                         0x20 (size before relaxing)
 .literal.flash_set_dummy_out
                0x00000000403746c8        0xc zephyr/libzephyr.a(soc_flash_init.c.obj)
 .literal.flash_dummy_config
                0x00000000403746d4        0x0 zephyr/libzephyr.a(soc_flash_init.c.obj)
                                          0x8 (size before relaxing)
 .literal.flash_cs_timing_config
                0x00000000403746d4        0xc zephyr/libzephyr.a(soc_flash_init.c.obj)
                                         0x10 (size before relaxing)
 .literal.init_spi_flash
                0x00000000403746e0       0x3c zephyr/libzephyr.a(soc_flash_init.c.obj)
                                         0x80 (size before relaxing)
 .literal.flash_update_id
                0x000000004037471c        0x0 zephyr/libzephyr.a(soc_flash_init.c.obj)
                                          0x8 (size before relaxing)
 .literal.esp_console_init
                0x000000004037471c        0x0 zephyr/libzephyr.a(console_init.c.obj)
                                         0x18 (size before relaxing)
 .literal.print_banner
                0x000000004037471c       0x10 zephyr/libzephyr.a(soc_init.c.obj)
                                         0x2c (size before relaxing)
 .literal.read_bootloader_header
                0x000000004037472c        0x4 zephyr/libzephyr.a(soc_init.c.obj)
                                         0x1c (size before relaxing)
 .literal.config_wdt
                0x0000000040374730        0x4 zephyr/libzephyr.a(soc_init.c.obj)
                                         0x20 (size before relaxing)
 .literal.check_bootloader_validity
                0x0000000040374734       0x10 zephyr/libzephyr.a(soc_init.c.obj)
                                         0x3c (size before relaxing)
 .literal.ana_super_wdt_reset_config
                0x0000000040374744        0xc zephyr/libzephyr.a(soc_init.c.obj)
 .literal.ana_bod_reset_config
                0x0000000040374750        0x4 zephyr/libzephyr.a(soc_init.c.obj)
                                          0xc (size before relaxing)
 .literal.ana_clock_glitch_reset_config
                0x0000000040374754        0x8 zephyr/libzephyr.a(soc_init.c.obj)
                                          0xc (size before relaxing)
 .literal.ana_reset_config
                0x000000004037475c        0x0 zephyr/libzephyr.a(soc_init.c.obj)
                                          0xc (size before relaxing)
 .literal.super_wdt_auto_feed
                0x000000004037475c        0x8 zephyr/libzephyr.a(soc_init.c.obj)
                                          0xc (size before relaxing)
 .literal.wdt_reset_info_dump
                0x0000000040374764       0x28 zephyr/libzephyr.a(soc_init.c.obj)
                                         0x34 (size before relaxing)
 .literal.wdt_reset_cpu0_info_enable
                0x000000004037478c       0x10 zephyr/libzephyr.a(soc_init.c.obj)
 .literal.check_wdt_reset
                0x000000004037479c        0x8 zephyr/libzephyr.a(soc_init.c.obj)
                                         0x20 (size before relaxing)
 .literal.hardware_init
                0x00000000403747a4        0x8 zephyr/libzephyr.a(hw_init.c.obj)
                                         0x54 (size before relaxing)
 .literal.soc_random_enable
                0x00000000403747ac       0x58 zephyr/libzephyr.a(soc_random.c.obj)
                                         0x70 (size before relaxing)
 .literal.soc_random_disable
                0x0000000040374804        0xc zephyr/libzephyr.a(soc_random.c.obj)
                                         0x34 (size before relaxing)
 .literal.esp_mmu_map_init
                0x0000000040374810       0x10 zephyr/libzephyr.a(esp_mmu_map.c.obj)
                                         0x44 (size before relaxing)
 .literal.esp_intr_lock
                0x0000000040374820        0x4 zephyr/drivers/interrupt_controller/libdrivers__interrupt_controller.a(intc_esp32.c.obj)
 .literal.esp_intr_unlock
                0x0000000040374824        0x0 zephyr/drivers/interrupt_controller/libdrivers__interrupt_controller.a(intc_esp32.c.obj)
                                          0x4 (size before relaxing)
 .literal.find_desc_for_int
                0x0000000040374824        0x4 zephyr/drivers/interrupt_controller/libdrivers__interrupt_controller.a(intc_esp32.c.obj)
 .literal.is_vect_desc_usable
                0x0000000040374828        0x8 zephyr/drivers/interrupt_controller/libdrivers__interrupt_controller.a(intc_esp32.c.obj)
                                         0x10 (size before relaxing)
 .literal.get_desc_for_int
                0x0000000040374830        0x8 zephyr/drivers/interrupt_controller/libdrivers__interrupt_controller.a(intc_esp32.c.obj)
                                         0x18 (size before relaxing)
 .literal.esp_intr_alloc_intrstatus
                0x0000000040374838       0x14 zephyr/drivers/interrupt_controller/libdrivers__interrupt_controller.a(intc_esp32.c.obj)
                                         0x90 (size before relaxing)
 .literal.esp_intr_alloc
                0x000000004037484c        0x0 zephyr/drivers/interrupt_controller/libdrivers__interrupt_controller.a(intc_esp32.c.obj)
                                          0x4 (size before relaxing)
 .literal.esp_rom_flash_read
                0x000000004037484c       0x20 zephyr/libzephyr.a(bootloader_flash.c.obj)
                                         0x4c (size before relaxing)
 .literal.bootloader_enable_wp
                0x000000004037486c        0x0 zephyr/libzephyr.a(bootloader_flash.c.obj)
                                          0x4 (size before relaxing)
 .literal.mmu_hal_unmap_all
                0x000000004037486c        0x8 zephyr/libzephyr.a(mmu_hal.c.obj)
 .literal.mmu_hal_init
                0x0000000040374874        0x4 zephyr/libzephyr.a(mmu_hal.c.obj)
                                          0x8 (size before relaxing)
 .literal.mmu_hal_map_region
                0x0000000040374878        0x4 zephyr/libzephyr.a(mmu_hal.c.obj)
                                          0x8 (size before relaxing)
 .literal.mmu_hal_paddr_to_vaddr
                0x000000004037487c        0x0 zephyr/libzephyr.a(mmu_hal.c.obj)
                                          0x4 (size before relaxing)
 .literal.mmu_hal_check_valid_ext_vaddr_region
                0x000000004037487c        0x8 zephyr/libzephyr.a(mmu_hal.c.obj)
                                          0xc (size before relaxing)
 .literal.spimem_flash_ll_set_buffer_data
                0x0000000040374884        0x0 zephyr/libzephyr.a(spi_flash_hal_iram.c.obj)
                                          0x4 (size before relaxing)
 .literal.spimem_flash_ll_get_buffer_data
                0x0000000040374884        0x0 zephyr/libzephyr.a(spi_flash_hal_iram.c.obj)
                                          0x8 (size before relaxing)
 .literal.spi_flash_hal_configure_host_io_mode
                0x0000000040374884        0xc zephyr/libzephyr.a(spi_flash_hal_iram.c.obj)
                                         0x28 (size before relaxing)
 .literal.spi_flash_hal_common_command
                0x0000000040374890        0x0 zephyr/libzephyr.a(spi_flash_hal_iram.c.obj)
                                         0x14 (size before relaxing)
 .literal.spi_flash_hal_read
                0x0000000040374890        0x0 zephyr/libzephyr.a(spi_flash_hal_iram.c.obj)
                                          0x8 (size before relaxing)
 .literal.spi_flash_hal_erase_sector
                0x0000000040374890        0x4 zephyr/libzephyr.a(spi_flash_hal_iram.c.obj)
                                          0x8 (size before relaxing)
 .literal.spi_flash_hal_erase_block
                0x0000000040374894        0x0 zephyr/libzephyr.a(spi_flash_hal_iram.c.obj)
                                          0x8 (size before relaxing)
 .literal.spi_flash_hal_program_page
                0x0000000040374894        0x0 zephyr/libzephyr.a(spi_flash_hal_iram.c.obj)
                                         0x10 (size before relaxing)
 .literal.spi_flash_hal_setup_read_suspend
                0x0000000040374894        0x0 zephyr/libzephyr.a(spi_flash_hal_iram.c.obj)
                                          0x8 (size before relaxing)
 .literal.spi_flash_hal_setup_auto_suspend_mode
                0x0000000040374894        0x0 zephyr/libzephyr.a(spi_flash_hal_iram.c.obj)
                                          0x4 (size before relaxing)
 .literal.spi_flash_hal_disable_auto_suspend_mode
                0x0000000040374894        0x0 zephyr/libzephyr.a(spi_flash_hal_iram.c.obj)
                                          0x4 (size before relaxing)
 .literal.spi_flash_hal_device_config
                0x0000000040374894        0x4 zephyr/libzephyr.a(spi_flash_hal_iram.c.obj)
                                         0x10 (size before relaxing)
 .literal.spi_flash_encryption_hal_enable
                0x0000000040374898        0x8 zephyr/libzephyr.a(spi_flash_encrypt_hal_iram.c.obj)
 .literal.spi_flash_encryption_hal_disable
                0x00000000403748a0        0x0 zephyr/libzephyr.a(spi_flash_encrypt_hal_iram.c.obj)
                                          0x4 (size before relaxing)
 .literal.spi_flash_encryption_hal_prepare
                0x00000000403748a0       0x10 zephyr/libzephyr.a(spi_flash_encrypt_hal_iram.c.obj)
                                         0x14 (size before relaxing)
 .literal.spi_flash_encryption_hal_done
                0x00000000403748b0        0x8 zephyr/libzephyr.a(spi_flash_encrypt_hal_iram.c.obj)
 .literal.spi_flash_encryption_hal_destroy
                0x00000000403748b8        0x4 zephyr/libzephyr.a(spi_flash_encrypt_hal_iram.c.obj)
 .literal.cache_hal_init
                0x00000000403748bc       0x14 zephyr/libzephyr.a(cache_hal.c.obj)
                                         0x1c (size before relaxing)
 .literal.cache_hal_disable
                0x00000000403748d0        0x0 zephyr/libzephyr.a(cache_hal.c.obj)
                                          0xc (size before relaxing)
 .literal.cache_hal_enable
                0x00000000403748d0        0x0 zephyr/libzephyr.a(cache_hal.c.obj)
                                         0x10 (size before relaxing)
 .literal.cache_hal_suspend
                0x00000000403748d0        0x0 zephyr/libzephyr.a(cache_hal.c.obj)
                                          0xc (size before relaxing)
 .literal.cache_hal_resume
                0x00000000403748d0        0x4 zephyr/libzephyr.a(cache_hal.c.obj)
                                         0x10 (size before relaxing)
 .literal.cache_hal_invalidate_addr
                0x00000000403748d4        0x4 zephyr/libzephyr.a(cache_hal.c.obj)
                                          0x8 (size before relaxing)
 .literal.wdt_hal_write_protect_disable
                0x00000000403748d8        0x4 zephyr/libzephyr.a(wdt_hal_iram.c.obj)
 .literal.wdt_hal_set_flashboot_en
                0x00000000403748dc        0x4 zephyr/libzephyr.a(wdt_hal_iram.c.obj)
                                          0x8 (size before relaxing)
 .literal.systimer_hal_init
                0x00000000403748e0        0x4 zephyr/libzephyr.a(systimer_hal.c.obj)
 .literal.systimer_hal_select_alarm_mode
                0x00000000403748e4        0x0 zephyr/libzephyr.a(systimer_hal.c.obj)
                                          0x4 (size before relaxing)
 .literal.systimer_hal_connect_alarm_counter
                0x00000000403748e4        0x0 zephyr/libzephyr.a(systimer_hal.c.obj)
                                          0x4 (size before relaxing)
 .literal.gpspi_flash_ll_get_buffer_data
                0x00000000403748e4        0x0 zephyr/libzephyr.a(spi_flash_hal_gpspi.c.obj)
                                          0x8 (size before relaxing)
 .literal.spi_flash_hal_gpspi_device_config
                0x00000000403748e4        0x8 zephyr/libzephyr.a(spi_flash_hal_gpspi.c.obj)
                                          0xc (size before relaxing)
 .literal.spi_flash_hal_gpspi_configure_host_io_mode
                0x00000000403748ec       0x10 zephyr/libzephyr.a(spi_flash_hal_gpspi.c.obj)
                                         0x28 (size before relaxing)
 .literal.spi_flash_hal_gpspi_common_command
                0x00000000403748fc        0x4 zephyr/libzephyr.a(spi_flash_hal_gpspi.c.obj)
                                         0x18 (size before relaxing)
 .literal.spi_flash_hal_gpspi_read
                0x0000000040374900        0x0 zephyr/libzephyr.a(spi_flash_hal_gpspi.c.obj)
                                          0xc (size before relaxing)
 .literal.esp_log_write
                0x0000000040374900        0x4 zephyr/libzephyr.a(log.c.obj)
 .literal.spi_flash_chip_gd_detect_size
                0x0000000040374904        0x4 zephyr/libzephyr.a(spi_flash_chip_gd.c.obj)
                                          0x8 (size before relaxing)
 .literal.spi_flash_chip_gd_get_io_mode
                0x0000000040374908        0x0 zephyr/libzephyr.a(spi_flash_chip_gd.c.obj)
                                          0x4 (size before relaxing)
 .literal.spi_flash_chip_gd_set_io_mode
                0x0000000040374908       0x10 zephyr/libzephyr.a(spi_flash_chip_gd.c.obj)
                                         0x14 (size before relaxing)
 .literal.spi_flash_chip_generic_detect_size
                0x0000000040374918        0x0 zephyr/libzephyr.a(spi_flash_chip_generic.c.obj)
                                          0x8 (size before relaxing)
 .literal.spi_flash_chip_generic_reset
                0x0000000040374918        0x0 zephyr/libzephyr.a(spi_flash_chip_generic.c.obj)
                                          0x8 (size before relaxing)
 .literal.spi_flash_chip_generic_config_host_io_mode
                0x0000000040374918        0xc zephyr/libzephyr.a(spi_flash_chip_generic.c.obj)
                                         0x10 (size before relaxing)
 .literal.spi_flash_chip_generic_get_caps
                0x0000000040374924        0x4 zephyr/libzephyr.a(spi_flash_chip_generic.c.obj)
                                          0x8 (size before relaxing)
 .literal.spi_flash_chip_generic_read
                0x0000000040374928        0x8 zephyr/libzephyr.a(spi_flash_chip_generic.c.obj)
                                         0x18 (size before relaxing)
 .literal.spi_flash_chip_generic_write
                0x0000000040374930        0x0 zephyr/libzephyr.a(spi_flash_chip_generic.c.obj)
                                          0x8 (size before relaxing)
 .literal.spi_flash_chip_generic_get_write_protect
                0x0000000040374930        0x0 zephyr/libzephyr.a(spi_flash_chip_generic.c.obj)
                                          0x4 (size before relaxing)
 .literal.spi_flash_chip_generic_yield
                0x0000000040374930        0x0 zephyr/libzephyr.a(spi_flash_chip_generic.c.obj)
                                          0x4 (size before relaxing)
 .literal.spi_flash_chip_generic_read_unique_id
                0x0000000040374930        0x8 zephyr/libzephyr.a(spi_flash_chip_generic.c.obj)
                                         0x1c (size before relaxing)
 .literal.spi_flash_chip_generic_write_encrypted
                0x0000000040374938        0x4 zephyr/libzephyr.a(spi_flash_chip_generic.c.obj)
                                          0x8 (size before relaxing)
 .literal.spi_flash_chip_generic_suspend_cmd_conf
                0x000000004037493c        0x8 zephyr/libzephyr.a(spi_flash_chip_generic.c.obj)
                                         0x18 (size before relaxing)
 .literal.spi_flash_common_read_qe_sr$constprop$0$isra$0
                0x0000000040374944        0x0 zephyr/libzephyr.a(spi_flash_chip_generic.c.obj)
                                          0x4 (size before relaxing)
 .literal.spi_flash_common_read_status_16b_rdsr_rdsr2
                0x0000000040374944        0x0 zephyr/libzephyr.a(spi_flash_chip_generic.c.obj)
                                          0x8 (size before relaxing)
 .literal.spi_flash_common_write_qe_sr$isra$0
                0x0000000040374944        0x0 zephyr/libzephyr.a(spi_flash_chip_generic.c.obj)
                                          0x4 (size before relaxing)
 .literal.spi_flash_common_write_status_16b_wrsr
                0x0000000040374944        0x0 zephyr/libzephyr.a(spi_flash_chip_generic.c.obj)
                                          0x4 (size before relaxing)
 .literal.spi_flash_common_read_status_8b_rdsr2
                0x0000000040374944        0x0 zephyr/libzephyr.a(spi_flash_chip_generic.c.obj)
                                          0x4 (size before relaxing)
 .literal.spi_flash_chip_generic_get_io_mode
                0x0000000040374944        0x0 zephyr/libzephyr.a(spi_flash_chip_generic.c.obj)
                                          0x4 (size before relaxing)
 .literal.spi_flash_common_read_status_8b_rdsr
                0x0000000040374944        0x0 zephyr/libzephyr.a(spi_flash_chip_generic.c.obj)
                                          0x4 (size before relaxing)
 .literal.spi_flash_common_write_status_8b_wrsr
                0x0000000040374944        0x0 zephyr/libzephyr.a(spi_flash_chip_generic.c.obj)
                                          0x4 (size before relaxing)
 .literal.spi_flash_common_write_status_8b_wrsr2
                0x0000000040374944        0x0 zephyr/libzephyr.a(spi_flash_chip_generic.c.obj)
                                          0x4 (size before relaxing)
 .literal.spi_flash_chip_generic_set_io_mode
                0x0000000040374944        0x0 zephyr/libzephyr.a(spi_flash_chip_generic.c.obj)
                                          0xc (size before relaxing)
 .literal.spi_flash_chip_issi_set_io_mode
                0x0000000040374944        0x8 zephyr/libzephyr.a(spi_flash_chip_issi.c.obj)
                                          0xc (size before relaxing)
 .literal.spi_flash_chip_issi_get_io_mode
                0x000000004037494c        0x0 zephyr/libzephyr.a(spi_flash_chip_issi.c.obj)
                                          0x4 (size before relaxing)
 .literal.spi_flash_chip_mxic_detect_size
                0x000000004037494c        0x0 zephyr/libzephyr.a(spi_flash_chip_mxic.c.obj)
                                          0x8 (size before relaxing)
 .literal.spi_flash_chip_mxic_opi_detect_size
                0x000000004037494c        0x0 zephyr/libzephyr.a(spi_flash_chip_mxic_opi.c.obj)
                                          0x8 (size before relaxing)
 .literal.spi_flash_chip_mxic_opi_set_write_protect
                0x000000004037494c        0x8 zephyr/libzephyr.a(spi_flash_chip_mxic_opi.c.obj)
                                          0xc (size before relaxing)
 .literal.spi_flash_chip_mxic_opi_erase_chip
                0x0000000040374954        0x4 zephyr/libzephyr.a(spi_flash_chip_mxic_opi.c.obj)
                                          0x8 (size before relaxing)
 .literal.spi_flash_chip_mxic_opi_erase_sector
                0x0000000040374958        0x4 zephyr/libzephyr.a(spi_flash_chip_mxic_opi.c.obj)
                                          0x8 (size before relaxing)
 .literal.spi_flash_chip_mxic_opi_erase_block
                0x000000004037495c        0x4 zephyr/libzephyr.a(spi_flash_chip_mxic_opi.c.obj)
                                          0x8 (size before relaxing)
 .literal.spi_flash_chip_xmic_opi_config_host_io_mode
                0x0000000040374960        0x4 zephyr/libzephyr.a(spi_flash_chip_mxic_opi.c.obj)
                                          0x8 (size before relaxing)
 .literal.spi_flash_chip_mxic_opi_get_data_length_zoom
                0x0000000040374964        0x0 zephyr/libzephyr.a(spi_flash_chip_mxic_opi.c.obj)
                                          0x4 (size before relaxing)
 .literal.spi_flash_chip_mxic_opi_read_id
                0x0000000040374964       0x10 zephyr/libzephyr.a(spi_flash_chip_mxic_opi.c.obj)
                                         0x24 (size before relaxing)
 .literal.spi_flash_chip_mxic_opi_read_reg
                0x0000000040374974        0x0 zephyr/libzephyr.a(spi_flash_chip_mxic_opi.c.obj)
                                          0x8 (size before relaxing)
 .literal.spi_flash_chip_mxic_opi_get_io_mode
                0x0000000040374974        0x4 zephyr/libzephyr.a(spi_flash_chip_mxic_opi.c.obj)
                                          0xc (size before relaxing)
 .literal.spi_flash_chip_mxic_opi_get_write_protect
                0x0000000040374978        0x0 zephyr/libzephyr.a(spi_flash_chip_mxic_opi.c.obj)
                                          0x4 (size before relaxing)
 .literal.spi_flash_chip_mxic_opi_write
                0x0000000040374978        0x0 zephyr/libzephyr.a(spi_flash_chip_mxic_opi.c.obj)
                                          0x8 (size before relaxing)
 .literal.spi_flash_chip_mxic_opi_page_program
                0x0000000040374978        0x4 zephyr/libzephyr.a(spi_flash_chip_mxic_opi.c.obj)
                                          0x8 (size before relaxing)
 .literal.spi_flash_chip_winbond_read
                0x000000004037497c        0x8 zephyr/libzephyr.a(spi_flash_chip_winbond.c.obj)
                                         0x18 (size before relaxing)
 .literal.spi_flash_chip_winbond_erase_block
                0x0000000040374984        0x0 zephyr/libzephyr.a(spi_flash_chip_winbond.c.obj)
                                          0x8 (size before relaxing)
 .literal.spi_flash_chip_winbond_erase_sector
                0x0000000040374984        0x0 zephyr/libzephyr.a(spi_flash_chip_winbond.c.obj)
                                          0x8 (size before relaxing)
 .literal.spi_flash_chip_winbond_page_program
                0x0000000040374984        0x0 zephyr/libzephyr.a(spi_flash_chip_winbond.c.obj)
                                          0x8 (size before relaxing)
 .literal.memspi_host_read_status_hs
                0x0000000040374984        0x0 zephyr/libzephyr.a(memspi_host_driver.c.obj)
                                          0x4 (size before relaxing)
 .literal.memspi_host_erase_chip
                0x0000000040374984        0x0 zephyr/libzephyr.a(memspi_host_driver.c.obj)
                                          0x4 (size before relaxing)
 .literal.memspi_host_set_write_protect
                0x0000000040374984        0x0 zephyr/libzephyr.a(memspi_host_driver.c.obj)
                                          0x4 (size before relaxing)
 .literal.memspi_host_read_id_hs
                0x0000000040374984        0xc zephyr/libzephyr.a(memspi_host_driver.c.obj)
                                         0x1c (size before relaxing)
 .literal.memspi_host_flush_cache
                0x0000000040374990        0x0 zephyr/libzephyr.a(memspi_host_driver.c.obj)
                                          0x8 (size before relaxing)
 .literal.memspi_host_erase_sector
                0x0000000040374990        0x0 zephyr/libzephyr.a(memspi_host_driver.c.obj)
                                          0xc (size before relaxing)
 .literal.memspi_host_erase_block
                0x0000000040374990        0x0 zephyr/libzephyr.a(memspi_host_driver.c.obj)
                                          0xc (size before relaxing)
 .literal.memspi_host_program_page
                0x0000000040374990        0x0 zephyr/libzephyr.a(memspi_host_driver.c.obj)
                                          0x8 (size before relaxing)
 .literal.memspi_host_init_pointers
                0x0000000040374990        0xc zephyr/libzephyr.a(memspi_host_driver.c.obj)
                                         0x18 (size before relaxing)
 .literal.s_probe_mxic_chip
                0x000000004037499c        0x8 zephyr/libzephyr.a(spi_flash_oct_flash_init.c.obj)
                                         0x14 (size before relaxing)
 .literal.s_mxic_set_required_regs
                0x00000000403749a4        0x4 zephyr/libzephyr.a(spi_flash_oct_flash_init.c.obj)
                                          0x8 (size before relaxing)
 .literal.s_flash_init_mxic
                0x00000000403749a8       0x20 zephyr/libzephyr.a(spi_flash_oct_flash_init.c.obj)
                                         0x48 (size before relaxing)
 .literal.esp_opiflash_init
                0x00000000403749c8       0x18 zephyr/libzephyr.a(spi_flash_oct_flash_init.c.obj)
                                         0x2c (size before relaxing)
 .literal.esp_mspi_get_io
                0x00000000403749e0        0x4 zephyr/libzephyr.a(flash_ops.c.obj)
                                         0x14 (size before relaxing)
 .literal.esp_gpio_reserve_pins
                0x00000000403749e4        0x8 zephyr/libzephyr.a(esp_gpio_reserve.c.obj)
 .literal.rtc_clk_32k_enable
                0x00000000403749ec       0x1c zephyr/libzephyr.a(rtc_clk.c.obj)
                                         0x20 (size before relaxing)
 .literal.rtc_clk_32k_enable_external
                0x0000000040374a08        0xc zephyr/libzephyr.a(rtc_clk.c.obj)
                                         0x10 (size before relaxing)
 .literal.rtc_clk_8m_enable
                0x0000000040374a14        0x8 zephyr/libzephyr.a(rtc_clk.c.obj)
                                         0x10 (size before relaxing)
 .literal.rtc_clk_slow_src_set
                0x0000000040374a1c        0x4 zephyr/libzephyr.a(rtc_clk.c.obj)
                                         0x10 (size before relaxing)
 .literal.rtc_clk_slow_src_get
                0x0000000040374a20        0x0 zephyr/libzephyr.a(rtc_clk.c.obj)
                                          0x4 (size before relaxing)
 .literal.rtc_clk_fast_src_set
                0x0000000040374a20        0x0 zephyr/libzephyr.a(rtc_clk.c.obj)
                                         0x10 (size before relaxing)
 .literal.rtc_clk_fast_src_get
                0x0000000040374a20        0x0 zephyr/libzephyr.a(rtc_clk.c.obj)
                                          0x4 (size before relaxing)
 .literal.rtc_clk_xtal_freq_get
                0x0000000040374a20       0x10 zephyr/libzephyr.a(rtc_clk.c.obj)
                                         0x1c (size before relaxing)
 .literal.rtc_clk_cpu_freq_mhz_to_config
                0x0000000040374a30        0x0 zephyr/libzephyr.a(rtc_clk.c.obj)
                                          0x4 (size before relaxing)
 .literal.rtc_clk_cpu_freq_get_config
                0x0000000040374a30        0xc zephyr/libzephyr.a(rtc_clk.c.obj)
                                         0x20 (size before relaxing)
 .literal.rtc_clk_cpu_freq_to_pll_mhz
                0x0000000040374a3c       0x28 zephyr/libzephyr.a(rtc_clk.c.obj)
                                         0x54 (size before relaxing)
 .literal.rtc_clk_cpu_freq_to_xtal
                0x0000000040374a64        0x0 zephyr/libzephyr.a(rtc_clk.c.obj)
                                         0x34 (size before relaxing)
 .literal.rtc_clk_cpu_freq_set_config
                0x0000000040374a64       0x10 zephyr/libzephyr.a(rtc_clk.c.obj)
                                         0x54 (size before relaxing)
 .literal.rtc_clk_cpu_set_to_default_config
                0x0000000040374a74        0x0 zephyr/libzephyr.a(rtc_clk.c.obj)
                                          0x8 (size before relaxing)
 .literal.rtc_clk_cpu_freq_set_xtal
                0x0000000040374a74        0x0 zephyr/libzephyr.a(rtc_clk.c.obj)
                                          0xc (size before relaxing)
 .literal.rtc_clk_xtal_freq_update
                0x0000000040374a74        0x4 zephyr/libzephyr.a(rtc_clk.c.obj)
                                          0x8 (size before relaxing)
 .literal.rtc_clk_apb_freq_update
                0x0000000040374a78        0x0 zephyr/libzephyr.a(rtc_clk.c.obj)
                                          0x4 (size before relaxing)
 .literal.rtc_clk_apb_freq_get
                0x0000000040374a78        0x0 zephyr/libzephyr.a(rtc_clk.c.obj)
                                          0x4 (size before relaxing)
 .literal.rtc_clk_divider_set
                0x0000000040374a78        0xc zephyr/libzephyr.a(rtc_clk.c.obj)
 .literal.rtc_clk_8m_divider_set
                0x0000000040374a84        0x4 zephyr/libzephyr.a(rtc_clk.c.obj)
                                          0x8 (size before relaxing)
 .literal.rtc_clk_init
                0x0000000040374a88       0x1c zephyr/libzephyr.a(rtc_clk_init.c.obj)
                                         0x6c (size before relaxing)
 .literal.rtc_sleep_pu
                0x0000000040374aa4       0x24 zephyr/libzephyr.a(rtc_sleep.c.obj)
                                         0x28 (size before relaxing)
 .literal.rtc_clk_cal_internal
                0x0000000040374ac8       0x20 zephyr/libzephyr.a(rtc_time.c.obj)
                                         0x44 (size before relaxing)
 .literal.rtc_clk_cal
                0x0000000040374ae8        0x0 zephyr/libzephyr.a(rtc_time.c.obj)
                                         0x18 (size before relaxing)
 .literal.rtc_time_us_to_slowclk
                0x0000000040374ae8        0x0 zephyr/libzephyr.a(rtc_time.c.obj)
                                          0x8 (size before relaxing)
 .literal.rtc_time_get
                0x0000000040374ae8        0xc zephyr/libzephyr.a(rtc_time.c.obj)
 .literal.rtc_clk_freq_cal
                0x0000000040374af4        0x0 zephyr/libzephyr.a(rtc_time.c.obj)
                                          0x4 (size before relaxing)
 .literal.mspi_timing_config_set_core_clock
                0x0000000040374af4        0x4 zephyr/libzephyr.a(mspi_timing_config.c.obj)
                                          0x8 (size before relaxing)
 .literal.mspi_timing_config_set_flash_clock
                0x0000000040374af8        0x0 zephyr/libzephyr.a(mspi_timing_config.c.obj)
                                          0xc (size before relaxing)
 .literal.mspi_timing_config_set_psram_clock
                0x0000000040374af8        0x0 zephyr/libzephyr.a(mspi_timing_config.c.obj)
                                          0x8 (size before relaxing)
 .literal.mspi_timing_set_pin_drive_strength
                0x0000000040374af8        0x4 zephyr/libzephyr.a(mspi_timing_tuning.c.obj)
                                         0x10 (size before relaxing)
 .literal.mspi_timing_enter_low_speed_mode
                0x0000000040374afc        0x0 zephyr/libzephyr.a(mspi_timing_tuning.c.obj)
                                         0x10 (size before relaxing)
 .literal.mspi_timing_enter_high_speed_mode
                0x0000000040374afc        0x0 zephyr/libzephyr.a(mspi_timing_tuning.c.obj)
                                         0x14 (size before relaxing)
 .literal.mspi_timing_change_speed_mode_cache_safe
                0x0000000040374afc        0x8 zephyr/libzephyr.a(mspi_timing_tuning.c.obj)
                                         0x18 (size before relaxing)
 .literal.spi_timing_get_flash_timing_param
                0x0000000040374b04        0x0 zephyr/libzephyr.a(mspi_timing_tuning.c.obj)
                                          0x4 (size before relaxing)
 .literal.Cache_Suspend_ICache
                0x0000000040374b04        0x8 zephyr/libzephyr.a(esp_rom_cache_esp32s2_esp32s3.c.obj)
 .literal.Cache_Suspend_DCache
                0x0000000040374b0c        0x4 zephyr/libzephyr.a(esp_rom_cache_esp32s2_esp32s3.c.obj)
                                          0x8 (size before relaxing)
 .literal.Cache_Freeze_ICache_Enable
                0x0000000040374b10        0x4 zephyr/libzephyr.a(esp_rom_cache_esp32s2_esp32s3.c.obj)
                                          0x8 (size before relaxing)
 .literal.Cache_Freeze_DCache_Enable
                0x0000000040374b14        0x4 zephyr/libzephyr.a(esp_rom_cache_esp32s2_esp32s3.c.obj)
                                          0x8 (size before relaxing)
 .literal.esp_rom_opiflash_cache_mode_config
                0x0000000040374b18       0x14 zephyr/libzephyr.a(esp_rom_spiflash.c.obj)
                                         0x28 (size before relaxing)
 .literal.esp_rom_efuse_get_opiconfig
                0x0000000040374b2c        0x8 zephyr/libzephyr.a(esp_rom_efuse.c.obj)
                                         0x10 (size before relaxing)
 .iram1.1       0x0000000040374b34       0x4b zephyr/libzephyr.a(soc.c.obj)
                                         0x57 (size before relaxing)
                0x0000000040374b34                __esp_platform_app_start
 *fill*         0x0000000040374b7f        0x1 
 .iram1.3       0x0000000040374b80       0x1b zephyr/libzephyr.a(soc.c.obj)
                0x0000000040374b80                arch_printk_char_out
 *fill*         0x0000000040374b9b        0x1 
 .iram1.0       0x0000000040374b9c       0x14 zephyr/libzephyr.a(soc_cache.c.obj)
                0x0000000040374b9c                esp_config_instruction_cache_mode
 .iram1.1       0x0000000040374bb0       0x5e zephyr/libzephyr.a(soc_cache.c.obj)
                0x0000000040374bb0                esp_config_data_cache_mode
 *fill*         0x0000000040374c0e        0x2 
 .iram1.5       0x0000000040374c10       0x1e zephyr/libzephyr.a(esp_flash_api.c.obj)
 *fill*         0x0000000040374c2e        0x2 
 .iram1.6       0x0000000040374c30       0x44 zephyr/libzephyr.a(esp_flash_api.c.obj)
 .iram1.10      0x0000000040374c74       0x54 zephyr/libzephyr.a(esp_flash_api.c.obj)
 .iram1.12      0x0000000040374cc8       0x80 zephyr/libzephyr.a(esp_flash_api.c.obj)
 .iram1.13      0x0000000040374d48       0x58 zephyr/libzephyr.a(esp_flash_api.c.obj)
                0x0000000040374d48                esp_flash_get_physical_size
 .iram1.9       0x0000000040374da0      0x150 zephyr/libzephyr.a(esp_flash_api.c.obj)
                                        0x15c (size before relaxing)
                0x0000000040374da0                esp_flash_init_main
 .iram1.1       0x0000000040374ef0       0x7c zephyr/libzephyr.a(flash_mmap.c.obj)
                                         0x80 (size before relaxing)
                0x0000000040374ef0                spi_flash_check_and_flush_cache
 .iram1.2       0x0000000040374f6c        0xa zephyr/libzephyr.a(flash_ops.c.obj)
                0x0000000040374f6c                spi_flash_guard_set
 *fill*         0x0000000040374f76        0x2 
 .iram1.4       0x0000000040374f78       0x87 zephyr/libzephyr.a(flash_ops.c.obj)
                                         0x8f (size before relaxing)
                0x0000000040374f78                esp_mspi_pin_init
 *fill*         0x0000000040374fff        0x1 
 .iram1.2       0x0000000040375000       0x10 zephyr/libzephyr.a(spi_flash_os_func_noos.c.obj)
 .iram1.1       0x0000000040375010        0xc zephyr/libzephyr.a(spi_flash_os_func_noos.c.obj)
                                         0x10 (size before relaxing)
 .iram1.0       0x000000004037501c        0xc zephyr/libzephyr.a(spi_flash_os_func_noos.c.obj)
                                         0x10 (size before relaxing)
 .iram1.7       0x0000000040375028       0x34 zephyr/libzephyr.a(spi_flash_os_func_app.c.obj)
                                         0x38 (size before relaxing)
 .iram1.4       0x000000004037505c       0x15 zephyr/libzephyr.a(spi_flash_os_func_app.c.obj)
 *fill*         0x0000000040375071        0x3 
 .iram1.8       0x0000000040375074        0xa zephyr/libzephyr.a(spi_flash_os_func_app.c.obj)
                                          0xe (size before relaxing)
 *fill*         0x000000004037507e        0x2 
 .iram1.6       0x0000000040375080       0x10 zephyr/libzephyr.a(spi_flash_os_func_app.c.obj)
 .iram1.3       0x0000000040375090        0xa zephyr/libzephyr.a(spi_flash_os_func_app.c.obj)
                                          0xd (size before relaxing)
 *fill*         0x000000004037509a        0x2 
 .iram1.2       0x000000004037509c        0xa zephyr/libzephyr.a(spi_flash_os_func_app.c.obj)
                                          0xd (size before relaxing)
 *fill*         0x00000000403750a6        0x2 
 .iram1.5       0x00000000403750a8       0x27 zephyr/libzephyr.a(spi_flash_os_func_app.c.obj)
                                         0x2b (size before relaxing)
 *fill*         0x00000000403750cf        0x1 
 .iram1.2       0x00000000403750d0       0x23 zephyr/libzephyr.a(esp_clk.c.obj)
                0x00000000403750d0                esp_clk_apb_freq
 *fill*         0x00000000403750f3        0x1 
 .iram1.2       0x00000000403750f4       0x25 zephyr/libzephyr.a(regi2c_ctrl.c.obj)
                0x00000000403750f4                regi2c_ctrl_read_reg_mask
 *fill*         0x0000000040375119        0x3 
 .iram1.3       0x000000004037511c       0x20 zephyr/libzephyr.a(regi2c_ctrl.c.obj)
                0x000000004037511c                regi2c_ctrl_write_reg
 .iram1.4       0x000000004037513c       0x26 zephyr/libzephyr.a(regi2c_ctrl.c.obj)
                0x000000004037513c                regi2c_ctrl_write_reg_mask
 *fill*         0x0000000040375162        0x2 
 .iram1.6       0x0000000040375164       0x34 zephyr/libzephyr.a(rtc_module.c.obj)
                0x0000000040375164                rtc_isr_noniram_disable
 .iram1.7       0x0000000040375198       0x1f zephyr/libzephyr.a(rtc_module.c.obj)
                0x0000000040375198                rtc_isr_noniram_enable
 *fill*         0x00000000403751b7        0x1 
 .iram1.1       0x00000000403751b8       0x58 zephyr/libzephyr.a(esp_mmu_map.c.obj)
                0x00000000403751b8                esp_mmu_paddr_find_caps
 .iram1.1       0x0000000040375210       0x1a zephyr/libzephyr.a(esp_rom_sys.c.obj)
                0x0000000040375210                esp_rom_install_uart_printf
 *fill*         0x000000004037522a        0x2 
 .iram1.0       0x000000004037522c       0xb1 zephyr/libzephyr.a(esp_rom_uart.c.obj)
                0x000000004037522c                esp_rom_uart_set_clock_baudrate
 *fill*         0x00000000403752dd        0x3 
 .iram1.0       0x00000000403752e0       0x18 zephyr/libzephyr.a(efuse_hal.c.obj)
                                         0x1c (size before relaxing)
                0x00000000403752e0                efuse_hal_chip_revision
 .iram1.0       0x00000000403752f8       0x3e zephyr/libzephyr.a(efuse_hal.c.obj)
                0x00000000403752f8                efuse_hal_get_major_chip_version
 *fill*         0x0000000040375336        0x2 
 .iram1.1       0x0000000040375338       0x3e zephyr/libzephyr.a(efuse_hal.c.obj)
                0x0000000040375338                efuse_hal_get_minor_chip_version
 *fill*         0x0000000040375376        0x2 
 .iram1.0       0x0000000040375378       0x1e zephyr/libzephyr.a(cache_utils.c.obj)
                                         0x22 (size before relaxing)
                0x0000000040375378                spi_flash_disable_interrupts_caches_and_other_cpu
 *fill*         0x0000000040375396        0x2 
 .iram1.1       0x0000000040375398       0x20 zephyr/libzephyr.a(cache_utils.c.obj)
                                         0x24 (size before relaxing)
                0x0000000040375398                spi_flash_enable_interrupts_caches_and_other_cpu
 .iram1.1       0x00000000403753b8      0x1aa zephyr/libzephyr.a(bootloader_flash.c.obj)
                0x00000000403753b8                bootloader_flash_execute_command_common
 *fill*         0x0000000040375562        0x2 
 .iram1.2       0x0000000040375564       0x20 zephyr/libzephyr.a(bootloader_flash.c.obj)
                0x0000000040375564                bootloader_execute_flash_command
 .iram1.0       0x0000000040375584      0x132 zephyr/libzephyr.a(bootloader_flash.c.obj)
                                        0x146 (size before relaxing)
                0x0000000040375584                bootloader_flash_unlock
 *fill*         0x00000000403756b6        0x2 
 .iram1.3       0x00000000403756b8       0x2a zephyr/libzephyr.a(bootloader_flash.c.obj)
                0x00000000403756b8                bootloader_flash_read_sfdp
 *fill*         0x00000000403756e2        0x2 
 .iram1.4       0x00000000403756e4       0x30 zephyr/libzephyr.a(bootloader_flash.c.obj)
                                         0x34 (size before relaxing)
                0x00000000403756e4                bootloader_read_flash_id
 .iram1.7       0x0000000040375714       0xa4 zephyr/libzephyr.a(bootloader_flash.c.obj)
                                         0xb8 (size before relaxing)
                0x0000000040375714                bootloader_flash_xmc_startup
 .iram1.13      0x00000000403757b8       0x10 zephyr/libzephyr.a(bootloader_flash.c.obj)
                0x00000000403757b8                bootloader_flash_is_octal_mode_enabled
 .iram1.0       0x00000000403757c8       0x33 zephyr/drivers/interrupt_controller/libdrivers__interrupt_controller.a(intc_esp32.c.obj)
                                         0x3a (size before relaxing)
 *fill*         0x00000000403757fb        0x1 
 .iram1.3       0x00000000403757fc       0xb2 zephyr/drivers/interrupt_controller/libdrivers__interrupt_controller.a(intc_esp32.c.obj)
                0x00000000403757fc                esp_intr_disable
 *fill*         0x00000000403758ae        0x2 
 .iram1.4       0x00000000403758b0       0x52 zephyr/drivers/interrupt_controller/libdrivers__interrupt_controller.a(intc_esp32.c.obj)
                                         0x5a (size before relaxing)
                0x00000000403758b0                esp_intr_noniram_disable
 *fill*         0x0000000040375902        0x2 
 .iram1.5       0x0000000040375904       0x40 zephyr/drivers/interrupt_controller/libdrivers__interrupt_controller.a(intc_esp32.c.obj)
                                         0x48 (size before relaxing)
                0x0000000040375904                esp_intr_noniram_enable
 .iram1.0       0x0000000040375944       0x6e zephyr/drivers/gpio/libdrivers__gpio.a(gpio_esp32.c.obj)
 *fill*         0x00000000403759b2        0x2 
 .iram1.1       0x00000000403759b4       0x11 zephyr/drivers/gpio/libdrivers__gpio.a(gpio_esp32.c.obj)
                                         0x17 (size before relaxing)
 *fill*         0x00000000403759c5        0x0 
 *fill*         0x00000000403759c5        0x0 
 *fill*         0x00000000403759c5        0x3 
 .iram1.3       0x00000000403759c8       0x27 zephyr/libzephyr.a(esp_flash_api.c.obj)
 *fill*         0x00000000403759ef        0x1 
 .iram1.4       0x00000000403759f0       0x1f zephyr/libzephyr.a(esp_flash_api.c.obj)
 *fill*         0x0000000040375a0f        0x0 
 *fill*         0x0000000040375a0f        0x0 
 *fill*         0x0000000040375a0f        0x0 
 *fill*         0x0000000040375a0f        0x1 
 .iram1.9       0x0000000040375a10        0x7 zephyr/libzephyr.a(spi_flash_os_func_app.c.obj)
 *fill*         0x0000000040375a17        0x0 
 *fill*         0x0000000040375a17        0x0 
 *fill*         0x0000000040375a17        0x0 
 *fill*         0x0000000040375a17        0x0 
 *fill*         0x0000000040375a17        0x0 
 *fill*         0x0000000040375a17        0x0 
 *fill*         0x0000000040375a17        0x0 
 *fill*         0x0000000040375a17        0x0 
 *fill*         0x0000000040375a17        0x0 
 *fill*         0x0000000040375a17        0x0 
 *fill*         0x0000000040375a17        0x0 
 *fill*         0x0000000040375a17        0x0 
 *fill*         0x0000000040375a17        0x0 
 *fill*         0x0000000040375a17        0x0 
 *fill*         0x0000000040375a17        0x1 
 .iram1.6       0x0000000040375a18       0x46 zephyr/libzephyr.a(bootloader_flash.c.obj)
 *fill*         0x0000000040375a5e        0x0 
 *fill*         0x0000000040375a5e        0x0 
 *fill*         0x0000000040375a5e        0x0 
 *fill*         0x0000000040375a5e        0x0 
 *fill*         0x0000000040375a5e        0x0 
 *fill*         0x0000000040375a5e        0x0 
 *fill*         0x0000000040375a5e        0x0 
 *fill*         0x0000000040375a5e        0x0 
 *(SORT_BY_ALIGNMENT(.iram0.literal) SORT_BY_ALIGNMENT(.iram.literal) SORT_BY_ALIGNMENT(.iram.text.literal) SORT_BY_ALIGNMENT(.iram0.text) SORT_BY_ALIGNMENT(.iram.text))
 *fill*         0x0000000040375a5e        0x2 
 .iram0.text    0x0000000040375a60       0x2d zephyr/arch/arch/xtensa/core/libarch__xtensa__core.a(xtensa_asm2_util.S.obj)
                0x0000000040375a60                _Level1Vector
 *fill*         0x0000000040375a8d        0x0 
 *libarch__xtensa__core.a:(SORT_BY_ALIGNMENT(.literal) SORT_BY_ALIGNMENT(.text) SORT_BY_ALIGNMENT(.literal.*) SORT_BY_ALIGNMENT(.text.*))
 *fill*         0x0000000040375a8d        0x3 
 .text.arch_cpu_idle
                0x0000000040375a90        0xe zephyr/arch/arch/xtensa/core/libarch__xtensa__core.a(cpu_idle.c.obj)
                0x0000000040375a90                arch_cpu_idle
 *fill*         0x0000000040375a9e        0x2 
 .text.xtensa_fatal_error
                0x0000000040375aa0       0x1e zephyr/arch/arch/xtensa/core/libarch__xtensa__core.a(fatal.c.obj)
                                         0x22 (size before relaxing)
                0x0000000040375aa0                xtensa_fatal_error
 *fill*         0x0000000040375abe        0x2 
 .text          0x0000000040375ac0      0x21f zephyr/arch/arch/xtensa/core/libarch__xtensa__core.a(xtensa_asm2_util.S.obj)
                0x0000000040375ac0                xtensa_spill_reg_windows
                0x0000000040375ae0                xtensa_save_high_regs
                0x0000000040375b28                xtensa_restore_high_regs
                0x0000000040375b5d                _restore_context
                0x0000000040375b98                xtensa_arch_except
                0x0000000040375b9b                xtensa_arch_except_epc
                0x0000000040375ba0                xtensa_arch_kernel_oops
                0x0000000040375ba3                xtensa_arch_kernel_oops_epc
                0x0000000040375ba8                xtensa_switch
 *fill*         0x0000000040375cdf        0x1 
 .text.z_irq_spurious
                0x0000000040375ce0       0x12 zephyr/arch/arch/xtensa/core/libarch__xtensa__core.a(irq_manage.c.obj)
                                         0x16 (size before relaxing)
                0x0000000040375ce0                z_irq_spurious
 *fill*         0x0000000040375cf2        0x2 
 .text.arch_new_thread
                0x0000000040375cf4       0x38 zephyr/arch/arch/xtensa/core/libarch__xtensa__core.a(thread.c.obj)
                0x0000000040375cf4                arch_new_thread
 .text.return_to
                0x0000000040375d2c       0x14 zephyr/arch/arch/xtensa/core/libarch__xtensa__core.a(vector_handlers.c.obj)
                                         0x18 (size before relaxing)
 .text.xtensa_is_outside_stack_bounds
                0x0000000040375d40       0x3d zephyr/arch/arch/xtensa/core/libarch__xtensa__core.a(vector_handlers.c.obj)
                0x0000000040375d40                xtensa_is_outside_stack_bounds
 *fill*         0x0000000040375d7d        0x3 
 .text.xtensa_is_frame_pointer_valid
                0x0000000040375d80       0x28 zephyr/arch/arch/xtensa/core/libarch__xtensa__core.a(vector_handlers.c.obj)
                                         0x2c (size before relaxing)
                0x0000000040375d80                xtensa_is_frame_pointer_valid
 .text.xtensa_dump_stack
                0x0000000040375da8        0xa zephyr/arch/arch/xtensa/core/libarch__xtensa__core.a(vector_handlers.c.obj)
                                          0xe (size before relaxing)
                0x0000000040375da8                xtensa_dump_stack
 *fill*         0x0000000040375db2        0x2 
 .text.xtensa_int2_c
                0x0000000040375db4       0x5a zephyr/arch/arch/xtensa/core/libarch__xtensa__core.a(vector_handlers.c.obj)
                0x0000000040375db4                xtensa_int2_c
 *fill*         0x0000000040375e0e        0x2 
 .text.xtensa_int3_c
                0x0000000040375e10       0x82 zephyr/arch/arch/xtensa/core/libarch__xtensa__core.a(vector_handlers.c.obj)
                0x0000000040375e10                xtensa_int3_c
 *fill*         0x0000000040375e92        0x2 
 .text.xtensa_int4_c
                0x0000000040375e94       0x6a zephyr/arch/arch/xtensa/core/libarch__xtensa__core.a(vector_handlers.c.obj)
                0x0000000040375e94                xtensa_int4_c
 *fill*         0x0000000040375efe        0x2 
 .text.xtensa_int5_c
                0x0000000040375f00       0x5e zephyr/arch/arch/xtensa/core/libarch__xtensa__core.a(vector_handlers.c.obj)
                0x0000000040375f00                xtensa_int5_c
 *fill*         0x0000000040375f5e        0x2 
 .text.xtensa_int6_c
                0x0000000040375f60       0x15 zephyr/arch/arch/xtensa/core/libarch__xtensa__core.a(vector_handlers.c.obj)
                0x0000000040375f60                xtensa_int6_c
 *fill*         0x0000000040375f75        0x3 
 .text.xtensa_int7_c
                0x0000000040375f78       0x36 zephyr/arch/arch/xtensa/core/libarch__xtensa__core.a(vector_handlers.c.obj)
                0x0000000040375f78                xtensa_int7_c
 *fill*         0x0000000040375fae        0x2 
 .text.xtensa_excint1_c
                0x0000000040375fb0      0x1be zephyr/arch/arch/xtensa/core/libarch__xtensa__core.a(vector_handlers.c.obj)
                                        0x1c6 (size before relaxing)
                0x0000000040375fb0                xtensa_excint1_c
 *fill*         0x000000004037616e        0x2 
 .text.z_prep_c
                0x0000000040376170       0x10 zephyr/arch/arch/xtensa/core/libarch__xtensa__core.a(prep_c.c.obj)
                                         0x14 (size before relaxing)
                0x0000000040376170                z_prep_c
 *fill*         0x0000000040376180        0x0 
 *fill*         0x0000000040376180        0x0 
 *fill*         0x0000000040376180        0x0 
 *fill*         0x0000000040376180        0x0 
 *fill*         0x0000000040376180        0x0 
 *fill*         0x0000000040376180        0x0 
 *fill*         0x0000000040376180        0x0 
 *fill*         0x0000000040376180        0x0 
 *fill*         0x0000000040376180        0x0 
 *fill*         0x0000000040376180        0x0 
 *fill*         0x0000000040376180        0x0 
 *fill*         0x0000000040376180        0x0 
 *fill*         0x0000000040376180        0x0 
 *fill*         0x0000000040376180        0x0 
 *libkernel.a:(SORT_BY_ALIGNMENT(.literal) SORT_BY_ALIGNMENT(.text) SORT_BY_ALIGNMENT(.literal.*) SORT_BY_ALIGNMENT(.text.*))
 .text.k_sys_fatal_error_handler
                0x0000000040376180        0x8 zephyr/kernel/libkernel.a(fatal.c.obj)
                                          0xc (size before relaxing)
                0x0000000040376180                k_sys_fatal_error_handler
 .text.z_fatal_error
                0x0000000040376188       0x22 zephyr/kernel/libkernel.a(fatal.c.obj)
                                         0x26 (size before relaxing)
                0x0000000040376188                z_fatal_error
 *fill*         0x00000000403761aa        0x2 
 .text.z_sys_init_run_level
                0x00000000403761ac       0x30 zephyr/kernel/libkernel.a(init.c.obj)
                                         0x34 (size before relaxing)
 .text.bg_thread_main
                0x00000000403761dc       0x9e zephyr/kernel/libkernel.a(init.c.obj)
                                         0xae (size before relaxing)
 *fill*         0x000000004037627a        0x2 
 .text.z_early_memset
                0x000000004037627c       0x12 zephyr/kernel/libkernel.a(init.c.obj)
                0x000000004037627c                z_early_memset
 *fill*         0x000000004037628e        0x2 
 .text.z_bss_zero
                0x0000000040376290       0x13 zephyr/kernel/libkernel.a(init.c.obj)
                                         0x16 (size before relaxing)
                0x0000000040376290                z_bss_zero
 *fill*         0x00000000403762a3        0x1 
 .text.z_init_cpu
                0x00000000403762a4       0x5b zephyr/kernel/libkernel.a(init.c.obj)
                0x00000000403762a4                z_init_cpu
 *fill*         0x00000000403762ff        0x1 
 .text.z_cstart
                0x0000000040376300       0x87 zephyr/kernel/libkernel.a(init.c.obj)
                                         0xaf (size before relaxing)
                0x0000000040376300                z_cstart
 *fill*         0x0000000040376387        0x1 
 .text.idle     0x0000000040376388        0xc zephyr/kernel/libkernel.a(idle.c.obj)
                                          0xf (size before relaxing)
                0x0000000040376388                idle
 *fill*         0x0000000040376394        0x0 
 .text.z_impl_k_msgq_put
                0x0000000040376394       0x9e zephyr/kernel/libkernel.a(msg_q.c.obj)
                                         0xaa (size before relaxing)
                0x0000000040376394                z_impl_k_msgq_put
 *fill*         0x0000000040376432        0x2 
 .text.z_impl_k_msgq_get
                0x0000000040376434       0xb4 zephyr/kernel/libkernel.a(msg_q.c.obj)
                                         0xbc (size before relaxing)
                0x0000000040376434                z_impl_k_msgq_get
 .text.z_setup_new_thread
                0x00000000403764e8       0x5d zephyr/kernel/libkernel.a(thread.c.obj)
                0x00000000403764e8                z_setup_new_thread
 *fill*         0x0000000040376545        0x3 
 .text.z_dummy_thread_init
                0x0000000040376548       0x20 zephyr/kernel/libkernel.a(thread.c.obj)
                0x0000000040376548                z_dummy_thread_init
 .text.unpend_thread_no_timeout
                0x0000000040376568       0x19 zephyr/kernel/libkernel.a(sched.c.obj)
                                         0x1d (size before relaxing)
 *fill*         0x0000000040376581        0x3 
 .text.ready_thread
                0x0000000040376584       0x9c zephyr/kernel/libkernel.a(sched.c.obj)
 .text.unready_thread
                0x0000000040376620       0x5e zephyr/kernel/libkernel.a(sched.c.obj)
                                         0x62 (size before relaxing)
 *fill*         0x000000004037667e        0x2 
 .text.add_thread_timeout
                0x0000000040376680       0x1b zephyr/kernel/libkernel.a(sched.c.obj)
 *fill*         0x000000004037669b        0x1 
 .text.z_swap   0x000000004037669c       0x3a zephyr/kernel/libkernel.a(sched.c.obj)
                                         0x3e (size before relaxing)
 *fill*         0x00000000403766d6        0x2 
 .text.add_to_waitq_locked
                0x00000000403766d8       0x57 zephyr/kernel/libkernel.a(sched.c.obj)
                                         0x5b (size before relaxing)
 *fill*         0x000000004037672f        0x1 
 .text.move_thread_to_end_of_prio_q
                0x0000000040376730       0xa6 zephyr/kernel/libkernel.a(sched.c.obj)
                                         0xaa (size before relaxing)
                0x0000000040376730                move_thread_to_end_of_prio_q
 *fill*         0x00000000403767d6        0x2 
 .text.z_ready_thread
                0x00000000403767d8       0x13 zephyr/kernel/libkernel.a(sched.c.obj)
                                         0x16 (size before relaxing)
                0x00000000403767d8                z_ready_thread
 *fill*         0x00000000403767eb        0x1 
 .text.z_unpend_thread_no_timeout
                0x00000000403767ec       0x18 zephyr/kernel/libkernel.a(sched.c.obj)
                                         0x1c (size before relaxing)
                0x00000000403767ec                z_unpend_thread_no_timeout
 .text.z_sched_wake_thread
                0x0000000040376804       0x30 zephyr/kernel/libkernel.a(sched.c.obj)
                                         0x38 (size before relaxing)
                0x0000000040376804                z_sched_wake_thread
 .text.z_thread_timeout
                0x0000000040376834        0xd zephyr/kernel/libkernel.a(sched.c.obj)
                                         0x10 (size before relaxing)
                0x0000000040376834                z_thread_timeout
 *fill*         0x0000000040376841        0x3 
 .text.z_pend_curr
                0x0000000040376844       0x28 zephyr/kernel/libkernel.a(sched.c.obj)
                                         0x30 (size before relaxing)
                0x0000000040376844                z_pend_curr
 .text.z_unpend_thread
                0x000000004037686c       0x10 zephyr/kernel/libkernel.a(sched.c.obj)
                                         0x17 (size before relaxing)
                0x000000004037686c                z_unpend_thread
 *fill*         0x000000004037687c        0x0 
 .text.z_reschedule
                0x000000004037687c       0x2c zephyr/kernel/libkernel.a(sched.c.obj)
                                         0x30 (size before relaxing)
                0x000000004037687c                z_reschedule
 .text.z_reschedule_irqlock
                0x00000000403768a8       0x40 zephyr/kernel/libkernel.a(sched.c.obj)
                                         0x44 (size before relaxing)
                0x00000000403768a8                z_reschedule_irqlock
 .text.k_sched_lock